---
parsed_sample:
  # Sample Data
  - version: "12.2(54)SG1"
    rommon: "12.2(44r)SG9"
    hostname: "router1"
    uptime: "2 years, 31 weeks, 6 days, 9 hours, 55 minutes"
    reload_reason: "reload"
    running_image: "cat4500e-entservicesk9-mz.122-54.SG1.bin"
    hardware:
      - "4948"
    serial:
      - "CAT1451S15C"
    config_register: "2102"
    mac: []
